16:48:25 **** Incremental Build of configuration Debug for project Peltier_Controller_G0B0 ****
make -j16 all 
arm-none-eabi-gcc "../Core/Src/lt8722.c" -mcpu=cortex-m0plus -std=gnu11 -g3 -DDEBUG -DUSE_HAL_DRIVER -DSTM32G0B0xx -c -I../Core/Inc -I../Drivers/STM32G0xx_HAL_Driver/Inc -I../Drivers/STM32G0xx_HAL_Driver/Inc/Legacy -I../Drivers/CMSIS/Device/ST/STM32G0xx/Include -I../Drivers/CMSIS/Include -I../USB_Device/App -I../USB_Device/Target -I../Middlewares/ST/STM32_USB_Device_Library/Core/Inc -I../Middlewares/ST/STM32_USB_Device_Library/Class/CDC/Inc -O0 -ffunction-sections -fdata-sections -Wall -fstack-usage -fcyclomatic-complexity -MMD -MP -MF"Core/Src/lt8722.d" -MT"Core/Src/lt8722.o" --specs=nano.specs -mfloat-abi=soft -mthumb -o "Core/Src/lt8722.o"
arm-none-eabi-gcc "../Core/Src/main.c" -mcpu=cortex-m0plus -std=gnu11 -g3 -DDEBUG -DUSE_HAL_DRIVER -DSTM32G0B0xx -c -I../Core/Inc -I../Drivers/STM32G0xx_HAL_Driver/Inc -I../Drivers/STM32G0xx_HAL_Driver/Inc/Legacy -I../Drivers/CMSIS/Device/ST/STM32G0xx/Include -I../Drivers/CMSIS/Include -I../USB_Device/App -I../USB_Device/Target -I../Middlewares/ST/STM32_USB_Device_Library/Core/Inc -I../Middlewares/ST/STM32_USB_Device_Library/Class/CDC/Inc -O0 -ffunction-sections -fdata-sections -Wall -fstack-usage -fcyclomatic-complexity -MMD -MP -MF"Core/Src/main.d" -MT"Core/Src/main.o" --specs=nano.specs -mfloat-abi=soft -mthumb -o "Core/Src/main.o"
arm-none-eabi-gcc -o "Peltier_Controller_G0B0.elf" @"objects.list"   -mcpu=cortex-m0plus -T"C:\Users\arvyd\Desktop\Bakalauras\GIT\Peltier_Controller\STM32\Peltier_Controller_G0B0\STM32G0B0CETX_FLASH.ld" --specs=nosys.specs -Wl,-Map="Peltier_Controller_G0B0.map" -Wl,--gc-sections -static --specs=nano.specs -mfloat-abi=soft -mthumb -u _printf_float -Wl,--start-group -lc -lm -Wl,--end-group
Finished building target: Peltier_Controller_G0B0.elf
 
arm-none-eabi-size  Peltier_Controller_G0B0.elf 
arm-none-eabi-objdump -h -S Peltier_Controller_G0B0.elf  > "Peltier_Controller_G0B0.list"
   text	   data	    bss	    dec	    hex	filename
  80516	    864	   9656	  91036	  1639c	Peltier_Controller_G0B0.elf
Finished building: default.size.stdout
 
Finished building: Peltier_Controller_G0B0.list
 
16:48:33 **** Incremental Build of configuration Debug for project Peltier_Controller_G0B0 ****
make -j16 all 
arm-none-eabi-size  Peltier_Controller_G0B0.elf 
   text	   data	    bss	    dec	    hex	filename
  80516	    864	   9656	  91036	  1639c	Peltier_Controller_G0B0.elf
Finished building: default.size.stdout
 
16:50:08 **** Incremental Build of configuration Debug for project Peltier_Controller_G0B0 ****
make -j16 all 
arm-none-eabi-size  Peltier_Controller_G0B0.elf 
   text	   data	    bss	    dec	    hex	filename
  80516	    864	   9656	  91036	  1639c	Peltier_Controller_G0B0.elf
Finished building: default.size.stdout
 
