../Core/Src/main.c:101:5:main	120	static
../Core/Src/main.c:213:6:SystemClock_Config	88	static
../Core/Src/main.c:258:13:MX_ADC1_Init	24	static
../Core/Src/main.c:317:13:MX_I2C2_Init	8	static
../Core/Src/main.c:365:13:MX_SPI2_Init	8	static
../Core/Src/main.c:405:13:MX_TIM7_Init	24	static
../Core/Src/main.c:443:13:MX_TIM16_Init	8	static
../Core/Src/main.c:475:13:MX_TIM17_Init	8	static
../Core/Src/main.c:507:13:MX_GPIO_Init	56	static
../Core/Src/main.c:588:6:HAL_TIM_PeriodElapsedCallback	56	static
../Core/Src/main.c:638:6:HAL_GPIO_EXTI_Falling_Callback	16	static
../Core/Src/main.c:664:6:Error_Handler	8	static,ignoring_inline_asm
