../Core/Src/main.c:92:5:main	112	static
../Core/Src/main.c:202:6:SystemClock_Config	88	static
../Core/Src/main.c:247:13:MX_ADC1_Init	24	static
../Core/Src/main.c:306:13:MX_I2C2_Init	8	static
../Core/Src/main.c:354:13:MX_SPI2_Init	8	static
../Core/Src/main.c:394:13:MX_TIM7_Init	24	static
../Core/Src/main.c:432:13:MX_TIM16_Init	8	static
../Core/Src/main.c:464:13:MX_TIM17_Init	8	static
../Core/Src/main.c:496:13:MX_GPIO_Init	56	static
../Core/Src/main.c:577:6:HAL_TIM_PeriodElapsedCallback	56	static
../Core/Src/main.c:627:6:HAL_GPIO_EXTI_Falling_Callback	16	static
../Core/Src/main.c:647:6:Error_Handler	8	static,ignoring_inline_asm
