../Core/Src/OLED_WS0010.c:32:20:Oled_init	56	static
../Core/Src/OLED_WS0010.c:59:6:refresh_displayed_info	64	static
../Core/Src/OLED_WS0010.c:96:6:Oled_resupply_power	24	static
../Core/Src/OLED_WS0010.c:105:6:Oled_int	48	static
../Core/Src/OLED_WS0010.c:111:6:Oled_cursor	24	static
../Core/Src/OLED_WS0010.c:116:6:Oled_autoScroll	16	static
../Core/Src/OLED_WS0010.c:120:6:Oled_blink	16	static
../Core/Src/OLED_WS0010.c:124:6:Oled_clear	16	static
../Core/Src/OLED_WS0010.c:129:6:Oled_HEX	48	static
../Core/Src/OLED_WS0010.c:138:6:Oled_home	16	static
../Core/Src/OLED_WS0010.c:142:6:Oled_leftToRight	16	static
../Core/Src/OLED_WS0010.c:146:6:Oled_noAutoScroll	16	static
../Core/Src/OLED_WS0010.c:150:6:Oled_noBlink	16	static
../Core/Src/OLED_WS0010.c:154:6:Oled_rightToLeft	16	static
../Core/Src/OLED_WS0010.c:158:6:Oled_scrollDisplayLeft	16	static
../Core/Src/OLED_WS0010.c:163:6:Oled_scrollDisplayRight	16	static
../Core/Src/OLED_WS0010.c:168:6:Oled_setGraphicCursor	16	static
../Core/Src/OLED_WS0010.c:177:6:Oled_string	24	static
../Core/Src/OLED_WS0010.c:184:6:Oled_write	16	static
../Core/Src/OLED_WS0010.c:195:6:Oled_writeCommand	16	static
../Core/Src/OLED_WS0010.c:202:6:Oled_writeData	16	static
