../Core/Src/stm32g0xx_it.c:73:6:NMI_Handler	8	static
../Core/Src/stm32g0xx_it.c:88:6:HardFault_Handler	8	static
../Core/Src/stm32g0xx_it.c:103:6:SVC_Handler	8	static
../Core/Src/stm32g0xx_it.c:116:6:PendSV_Handler	8	static
../Core/Src/stm32g0xx_it.c:129:6:SysTick_Handler	8	static
../Core/Src/stm32g0xx_it.c:150:6:EXTI0_1_IRQHandler	8	static
../Core/Src/stm32g0xx_it.c:164:6:EXTI4_15_IRQHandler	8	static
../Core/Src/stm32g0xx_it.c:178:6:USB_IRQHandler	8	static
../Core/Src/stm32g0xx_it.c:192:6:ADC1_IRQHandler	8	static
../Core/Src/stm32g0xx_it.c:206:6:TIM7_IRQHandler	8	static
../Core/Src/stm32g0xx_it.c:220:6:TIM16_IRQHandler	8	static
../Core/Src/stm32g0xx_it.c:234:6:TIM17_IRQHandler	8	static
