../Core/Src/stm32g0xx_it.c:74:6:NMI_Handler	8	static
../Core/Src/stm32g0xx_it.c:89:6:HardFault_Handler	8	static
../Core/Src/stm32g0xx_it.c:104:6:SVC_Handler	8	static
../Core/Src/stm32g0xx_it.c:117:6:PendSV_Handler	8	static
../Core/Src/stm32g0xx_it.c:130:6:SysTick_Handler	8	static
../Core/Src/stm32g0xx_it.c:151:6:EXTI0_1_IRQHandler	8	static
../Core/Src/stm32g0xx_it.c:165:6:EXTI4_15_IRQHandler	8	static
../Core/Src/stm32g0xx_it.c:179:6:USB_IRQHandler	8	static
../Core/Src/stm32g0xx_it.c:193:6:ADC1_IRQHandler	8	static
../Core/Src/stm32g0xx_it.c:207:6:TIM7_IRQHandler	8	static
../Core/Src/stm32g0xx_it.c:221:6:TIM14_IRQHandler	8	static
../Core/Src/stm32g0xx_it.c:235:6:TIM16_IRQHandler	8	static
../Core/Src/stm32g0xx_it.c:249:6:TIM17_IRQHandler	8	static
